[2026-04-19 10:17:08] ==================================================
[2026-04-19 10:17:08] Threads 自動發文啟動
[2026-04-19 10:17:08] 選擇文章：AI chip startup Cerebras files for IPO... (分數：105)
[2026-04-19 10:17:09]   生成內容過短，使用備用
[2026-04-19 10:17:09] 生成的推文內容：
🤯 AI chip startup Cerebras files for IPO...

這件事我覺得值得關注。看完之後你可能也會有同感。

你怎麼看？留言告訴我 👇

🔗 完整文章：https://techcrunch.com/2026/04/18/ai-chip-startup-cerebras-files-for-ipo/

#科技 #AI #新聞 #趋势 #科技趨勢

[2026-04-19 10:17:09] 已標記文章 13 為已發布
[2026-04-21 00:31:22] ==================================================
[2026-04-21 00:31:22] Threads 全自動發文啟動
[2026-04-21 00:31:22] 檢查瀏覽器狀態...
[2026-04-21 00:31:30] 選擇文章：Our Favorite Apple Watch Has Never Been Less Expen...
[2026-04-21 00:31:31] 內容生成失敗
[2026-04-21 00:31:38] ==================================================
[2026-04-21 00:31:38] Threads 全自動發文啟動
[2026-04-21 00:31:38] 檢查瀏覽器狀態...
[2026-04-21 00:31:46] 選擇文章：Our Favorite Apple Watch Has Never Been Less Expen...
[2026-04-21 00:31:47] 內容生成失敗
[2026-04-21 00:34:12] ==================================================
[2026-04-21 00:34:12] Threads 全自動發文啟動
[2026-04-21 00:34:12] 檢查瀏覽器狀態...
[2026-04-21 00:34:21] 選擇文章：Our Favorite Apple Watch Has Never Been Less Expen...
[2026-04-21 00:35:29] 內容生成失敗
[2026-04-21 00:37:04] ==================================================
[2026-04-21 00:37:04] Threads 全自動發文啟動
[2026-04-21 00:37:04] 檢查瀏覽器狀態...
[2026-04-21 00:37:13] 選擇文章：Our Favorite Apple Watch Has Never Been Less Expen...
[2026-04-21 00:38:17] 內容生成失敗
[2026-04-21 00:43:37] ==================================================
[2026-04-21 00:43:37] Threads 全自動發文啟動
[2026-04-21 00:43:37] 檢查瀏覽器狀態...
[2026-04-21 00:43:46] 選擇文章：Our Favorite Apple Watch Has Never Been Less Expen...
[2026-04-21 00:43:55] 生成內容：💬 現在是不是入手 Apple Watch 的最好時機？⌚️

如果你最近剛好想換錶，或是想入坑蘋果手錶，現在價格真的來...
[2026-04-21 00:43:56] 找不到文字輸入框
[2026-04-21 00:43:56] 記錄保存：/Users/nirvanaday/openclaw/workspace/logs/published/2026-04-21_00-43-56.txt
[2026-04-21 00:43:56] ✅ 發文流程完成
[2026-04-21 00:44:56] ==================================================
[2026-04-21 00:44:56] Threads 全自動發文啟動
[2026-04-21 00:44:56] 檢查瀏覽器狀態...
[2026-04-21 00:45:04] 選擇文章：The 11 Best Fans to Buy Before It Gets Hot Again (...
[2026-04-21 00:46:12] 內容生成失敗
[2026-04-21 00:52:19] ==================================================
[2026-04-21 00:52:19] Threads 全自動發文啟動
[2026-04-21 00:52:19] 檢查瀏覽器狀態...
[2026-04-21 00:52:28] 選擇文章：The 11 Best Fans to Buy Before It Gets Hot Again (...
[2026-04-21 00:52:37] 生成內容：💬 夏天還沒到，你家那台會嘎嘎響的老古董電扇還打算繼續操嗎？WIRED 評選出 2026 年最值得入手的 11 款涼友，...
[2026-04-21 00:52:38] 文字框索引：79
[2026-04-21 00:52:41] 輸入框狀態：[75]<div aria-label=文字欄位空白。請輸入內容以撰寫新貼文。 role=button tabindex=0 />
                                  
[2026-04-21 00:52:42] 發佈按鈕搜尋結果：[76]<div>發佈</div>
                                            <div>發佈</div>
                        
[2026-04-21 00:52:48] ✅ 發布成功！Post ID: /DXUQnurETh7
[2026-04-21 00:52:48] 記錄保存：/Users/nirvanaday/openclaw/workspace/logs/published/2026-04-21_00-52-48.txt
[2026-04-21 00:52:48] ✅ 發文流程完成
[2026-04-21 01:16:03] ==================================================
[2026-04-21 01:16:03] Threads 全自動發文 v2.0 啟動
[2026-04-21 01:16:03] 選擇文章：Best Meta Glasses (2026): Ray-Ban, Oakley, AR...
[2026-04-21 01:17:12] 內容生成失敗
[2026-04-21 01:24:06] ==================================================
[2026-04-21 01:24:06] Threads 全自動發文 v3.0 啟動
[2026-04-21 01:24:06] 選擇文章：Best Meta Glasses (2026): Ray-Ban, Oakley, AR...
[2026-04-21 01:25:15] 內容生成失敗
